2026-09-30 18:26:40,634 [INFO] progress_guard.server: 正在初始化 Progress Guard 模型 (default @ cpu, lazy=True)...
2026-09-30 18:26:40,635 [INFO] progress_guard.server: MOONBOW_GUARD_CONVERGENCE=advisory：收敛通道开启（advisory=触发命中可投递收敛提示；一键回滚 = 移除该环境变量并重启）
2026-09-30 18:26:40,635 [INFO] progress_guard.server: MOONBOW_GUARD_PROVIDER 未设置或非法：/check 默认 legacy（既有行为零变化）
2026-09-30 18:26:40,641 [INFO] progress_guard.server: Progress Guard 服务已启动: http://127.0.0.1:18617
2026-09-30 18:26:59,242 [INFO] progress_guard.server: /v1/stage-check findings=0 reminder=True
2026-09-30 18:30:40,342 [INFO] progress_guard.server: /v1/stage-check findings=0 reminder=False
2026-09-30 18:30:40,346 [INFO] progress_guard.server: /v1/stage-check findings=0 reminder=False
2026-09-30 18:30:40,401 [INFO] progress_guard.server: /v1/stage-check findings=0 reminder=False
2026-09-30 18:30:47,641 [INFO] progress_guard.server: /v1/stage-check findings=0 reminder=False
2026-09-30 18:30:47,644 [INFO] progress_guard.server: /v1/stage-check findings=0 reminder=False
2026-09-30 18:30:47,646 [INFO] progress_guard.server: /v1/stage-check findings=0 reminder=False
2026-09-30 18:30:48,118 [INFO] progress_guard.server: /v1/stage-check findings=0 reminder=True
2026-09-30 18:31:01,064 [INFO] progress_guard.server: /v1/stage-check findings=0 reminder=False
2026-09-30 18:31:01,066 [INFO] progress_guard.server: /v1/stage-check findings=0 reminder=False
2026-09-30 18:31:09,453 [INFO] progress_guard.server: /v1/stage-check findings=0 reminder=False
2026-09-30 18:31:09,456 [INFO] progress_guard.server: /v1/stage-check findings=0 reminder=False
2026-09-30 18:31:09,918 [INFO] progress_guard.server: /v1/stage-check findings=0 reminder=False
2026-09-30 18:31:20,600 [INFO] progress_guard.server: /v1/stage-check findings=0 reminder=False
2026-09-30 18:31:20,604 [INFO] progress_guard.server: /v1/stage-check findings=0 reminder=False
2026-09-30 18:31:28,389 [INFO] progress_guard.server: /v1/stage-check findings=0 reminder=False
2026-09-30 18:31:28,392 [INFO] progress_guard.server: /v1/stage-check findings=0 reminder=False
2026-09-30 18:46:40,453 [INFO] progress_guard.server: /v1/stage-check findings=0 reminder=False
2026-09-30 18:46:40,456 [INFO] progress_guard.server: /v1/stage-check findings=0 reminder=False
2026-09-30 18:46:40,932 [INFO] progress_guard.server: /v1/stage-check findings=0 reminder=False
2026-09-30 18:46:47,757 [INFO] progress_guard.server: /v1/stage-check findings=0 reminder=False
2026-09-30 18:46:47,759 [INFO] progress_guard.server: /v1/stage-check findings=0 reminder=False
2026-09-30 18:46:58,221 [INFO] progress_guard.server: /v1/stage-check findings=0 reminder=False
2026-09-30 18:46:58,224 [INFO] progress_guard.server: /v1/stage-check findings=0 reminder=False
2026-09-30 18:46:58,696 [INFO] progress_guard.server: /v1/stage-check findings=0 reminder=False
2026-09-30 18:47:03,124 [INFO] progress_guard.server: /v1/stage-check findings=0 reminder=False
2026-09-30 18:47:03,126 [INFO] progress_guard.server: /v1/stage-check findings=0 reminder=False
2026-09-30 18:47:03,131 [INFO] progress_guard.server: /v1/stage-check findings=0 reminder=False
2026-09-30 18:47:10,618 [INFO] progress_guard.server: /v1/stage-check findings=0 reminder=False
2026-09-30 18:47:10,621 [INFO] progress_guard.server: /v1/stage-check findings=0 reminder=False
2026-09-30 18:47:10,626 [INFO] progress_guard.server: /v1/stage-check findings=1 reminder=True
2026-09-30 18:47:15,384 [INFO] progress_guard.server: /v1/stage-check findings=1 reminder=True
2026-09-30 18:47:15,387 [INFO] progress_guard.server: /v1/stage-check findings=1 reminder=True
2026-09-30 18:47:21,241 [INFO] progress_guard.server: /v1/stage-check findings=1 reminder=True
2026-09-30 18:47:21,243 [INFO] progress_guard.server: /v1/stage-check findings=1 reminder=True
2026-09-30 18:47:29,527 [INFO] progress_guard.server: /v1/stage-check findings=0 reminder=False
2026-09-30 18:47:29,531 [INFO] progress_guard.server: /v1/stage-check findings=0 reminder=False
2026-09-30 18:47:30,010 [INFO] progress_guard.server: /v1/stage-check findings=0 reminder=False
2026-09-30 18:47:34,507 [INFO] progress_guard.server: /v1/stage-check findings=0 reminder=False
2026-09-30 18:47:34,510 [INFO] progress_guard.server: /v1/stage-check findings=0 reminder=False
2026-09-30 18:47:34,515 [INFO] progress_guard.server: /v1/stage-check findings=0 reminder=False
2026-09-30 18:47:43,649 [INFO] progress_guard.server: /v1/stage-check findings=0 reminder=False
2026-09-30 18:47:43,652 [INFO] progress_guard.server: /v1/stage-check findings=0 reminder=False
2026-09-30 18:47:53,287 [INFO] progress_guard.server: /v1/stage-check findings=1 reminder=False
2026-09-30 18:47:53,290 [INFO] progress_guard.server: /v1/stage-check findings=2 reminder=False
2026-09-30 18:47:53,331 [INFO] progress_guard.server: /v1/stage-check findings=2 reminder=False
2026-09-30 18:47:53,340 [INFO] progress_guard.server: /v1/stage-check findings=2 reminder=False
2026-09-30 18:48:03,794 [INFO] progress_guard.server: /v1/stage-check findings=2 reminder=False
2026-09-30 18:48:03,797 [INFO] progress_guard.server: /v1/stage-check findings=2 reminder=False
2026-09-30 18:48:03,799 [INFO] progress_guard.server: /v1/stage-check findings=2 reminder=False
2026-09-30 18:48:04,266 [INFO] progress_guard.server: /v1/stage-check findings=2 reminder=True
2026-09-30 18:48:13,070 [INFO] progress_guard.server: /v1/stage-check findings=2 reminder=False
2026-09-30 18:48:13,072 [INFO] progress_guard.server: /v1/stage-check findings=2 reminder=False
2026-09-30 18:49:24,769 [INFO] progress_guard.server: /v1/stage-check findings=2 reminder=False
2026-09-30 18:49:24,771 [INFO] progress_guard.server: /v1/stage-check findings=2 reminder=False
2026-09-30 18:49:33,901 [INFO] progress_guard.server: /v1/stage-check findings=0 reminder=False
2026-09-30 18:49:33,904 [INFO] progress_guard.server: /v1/stage-check findings=0 reminder=False
2026-09-30 18:49:33,996 [INFO] progress_guard.server: /v1/stage-check findings=0 reminder=False
2026-09-30 18:49:40,054 [INFO] progress_guard.server: /v1/stage-check findings=0 reminder=False
2026-09-30 18:49:40,057 [INFO] progress_guard.server: /v1/stage-check findings=0 reminder=False
2026-09-30 18:49:48,562 [INFO] progress_guard.server: /v1/stage-check findings=1 reminder=False
2026-09-30 18:49:48,566 [INFO] progress_guard.server: /v1/stage-check findings=2 reminder=False
2026-09-30 18:49:49,019 [INFO] progress_guard.server: /v1/stage-check findings=2 reminder=False
2026-09-30 18:51:00,013 [INFO] progress_guard.server: /v1/stage-check findings=2 reminder=False
2026-09-30 18:51:00,016 [INFO] progress_guard.server: /v1/stage-check findings=2 reminder=False
2026-09-30 18:51:00,021 [INFO] progress_guard.server: /v1/stage-check findings=2 reminder=False
2026-09-30 18:51:10,122 [INFO] progress_guard.server: /v1/stage-check findings=2 reminder=False
2026-09-30 18:51:10,125 [INFO] progress_guard.server: /v1/stage-check findings=2 reminder=False
2026-09-30 18:51:20,512 [INFO] progress_guard.server: /v1/stage-check findings=0 reminder=False
2026-09-30 18:51:20,516 [INFO] progress_guard.server: /v1/stage-check findings=0 reminder=False
2026-09-30 18:51:20,608 [INFO] progress_guard.server: /v1/stage-check findings=0 reminder=False
2026-09-30 18:51:20,665 [INFO] progress_guard.server: /v1/stage-check findings=0 reminder=False
2026-09-30 18:51:25,723 [INFO] progress_guard.server: /v1/stage-check findings=0 reminder=False
2026-09-30 18:51:25,725 [INFO] progress_guard.server: /v1/stage-check findings=0 reminder=False
2026-09-30 18:51:25,731 [INFO] progress_guard.server: /v1/stage-check findings=0 reminder=False
2026-09-30 18:51:31,295 [INFO] progress_guard.server: /v1/stage-check findings=0 reminder=False
2026-09-30 18:51:31,297 [INFO] progress_guard.server: /v1/stage-check findings=0 reminder=False
2026-09-30 18:51:40,193 [INFO] progress_guard.server: /v1/stage-check findings=0 reminder=False
2026-09-30 18:51:40,197 [INFO] progress_guard.server: /v1/stage-check findings=0 reminder=False
2026-09-30 18:51:40,262 [INFO] progress_guard.server: /v1/stage-check findings=0 reminder=False
2026-09-30 18:51:40,643 [INFO] progress_guard.server: /v1/stage-check findings=0 reminder=False
2026-09-30 18:51:45,626 [INFO] progress_guard.server: /v1/stage-check findings=0 reminder=False
2026-09-30 18:51:45,628 [INFO] progress_guard.server: /v1/stage-check findings=0 reminder=False
2026-09-30 18:51:46,362 [INFO] progress_guard.server: /v1/stage-check findings=0 reminder=True
2026-09-30 18:51:54,931 [INFO] progress_guard.server: /v1/stage-check findings=0 reminder=False
2026-09-30 18:51:54,933 [INFO] progress_guard.server: /v1/stage-check findings=0 reminder=False
2026-09-30 18:52:02,191 [INFO] progress_guard.server: /v1/stage-check findings=0 reminder=False
2026-09-30 18:52:02,197 [INFO] progress_guard.server: /v1/stage-check findings=1 reminder=True
2026-09-30 18:52:07,937 [INFO] progress_guard.server: /v1/stage-check findings=1 reminder=True
2026-09-30 18:52:07,942 [INFO] progress_guard.server: /v1/stage-check findings=1 reminder=True
2026-09-30 18:52:15,472 [INFO] progress_guard.server: /v1/stage-check findings=1 reminder=True
2026-09-30 18:52:15,479 [INFO] progress_guard.server: /v1/stage-check findings=2 reminder=True
2026-09-30 18:52:20,715 [INFO] progress_guard.server: /v1/stage-check findings=2 reminder=True
2026-09-30 18:52:20,718 [INFO] progress_guard.server: /v1/stage-check findings=2 reminder=True
2026-09-30 18:52:29,604 [INFO] progress_guard.server: /v1/stage-check findings=1 reminder=False
2026-09-30 18:52:29,607 [INFO] progress_guard.server: /v1/stage-check findings=2 reminder=False
2026-09-30 18:52:30,115 [INFO] progress_guard.server: /v1/stage-check findings=2 reminder=False
2026-09-30 18:52:35,865 [INFO] progress_guard.server: /v1/stage-check findings=2 reminder=False
2026-09-30 18:52:35,868 [INFO] progress_guard.server: /v1/stage-check findings=2 reminder=False
2026-09-30 18:52:45,309 [INFO] progress_guard.server: /v1/stage-check findings=0 reminder=False
2026-09-30 18:52:45,313 [INFO] progress_guard.server: /v1/stage-check findings=0 reminder=False
2026-09-30 18:52:45,369 [INFO] progress_guard.server: /v1/stage-check findings=0 reminder=False
2026-09-30 19:00:50,694 [INFO] progress_guard.server: /v1/stage-check findings=0 reminder=False
2026-09-30 19:00:50,697 [INFO] progress_guard.server: /v1/stage-check findings=0 reminder=False
2026-09-30 19:00:59,791 [INFO] progress_guard.server: /v1/stage-check findings=0 reminder=False
2026-09-30 19:00:59,794 [INFO] progress_guard.server: /v1/stage-check findings=0 reminder=False
2026-09-30 19:01:00,268 [INFO] progress_guard.server: /v1/stage-check findings=0 reminder=True
2026-09-30 19:01:07,362 [INFO] progress_guard.server: /v1/stage-check findings=0 reminder=False
2026-09-30 19:01:07,366 [INFO] progress_guard.server: /v1/stage-check findings=0 reminder=False
2026-09-30 19:01:13,481 [INFO] progress_guard.server: /v1/stage-check findings=0 reminder=False
2026-09-30 19:01:13,484 [INFO] progress_guard.server: /v1/stage-check findings=0 reminder=False
2026-09-30 19:01:13,921 [INFO] progress_guard.server: /v1/stage-check findings=0 reminder=False
2026-09-30 19:01:22,619 [INFO] progress_guard.server: /v1/stage-check findings=0 reminder=False
2026-09-30 19:01:22,623 [INFO] progress_guard.server: /v1/stage-check findings=0 reminder=False
2026-09-30 19:01:31,039 [INFO] progress_guard.server: /v1/stage-check findings=0 reminder=False
2026-09-30 19:01:31,042 [INFO] progress_guard.server: /v1/stage-check findings=0 reminder=False
2026-09-30 19:01:31,503 [INFO] progress_guard.server: /v1/stage-check findings=0 reminder=False
2026-09-30 19:01:37,635 [INFO] progress_guard.server: /v1/stage-check findings=0 reminder=False
2026-09-30 19:01:37,637 [INFO] progress_guard.server: /v1/stage-check findings=0 reminder=False
2026-09-30 19:01:37,642 [INFO] progress_guard.server: /v1/stage-check findings=0 reminder=False
2026-09-30 19:01:37,644 [INFO] progress_guard.server: /v1/stage-check findings=0 reminder=False
2026-09-30 19:01:47,279 [INFO] progress_guard.server: /v1/stage-check findings=0 reminder=False
2026-09-30 19:01:47,282 [INFO] progress_guard.server: /v1/stage-check findings=0 reminder=False
2026-09-30 19:01:47,288 [INFO] progress_guard.server: /v1/stage-check findings=0 reminder=True
2026-09-30 19:02:02,161 [INFO] progress_guard.server: /v1/stage-check findings=0 reminder=False
2026-09-30 19:02:02,164 [INFO] progress_guard.server: /v1/stage-check findings=0 reminder=False
2026-09-30 19:02:08,865 [INFO] progress_guard.server: /v1/stage-check findings=0 reminder=False
2026-09-30 19:02:08,867 [INFO] progress_guard.server: /v1/stage-check findings=1 reminder=True
2026-09-30 19:02:18,339 [INFO] progress_guard.server: /v1/stage-check findings=0 reminder=False
2026-09-30 19:02:18,342 [INFO] progress_guard.server: /v1/stage-check findings=0 reminder=False
2026-09-30 19:02:18,828 [INFO] progress_guard.server: /v1/stage-check findings=0 reminder=False
2026-09-30 19:02:26,318 [INFO] progress_guard.server: /v1/stage-check findings=0 reminder=False
2026-09-30 19:02:26,321 [INFO] progress_guard.server: /v1/stage-check findings=0 reminder=False
2026-09-30 19:02:26,796 [INFO] progress_guard.server: /v1/stage-check findings=0 reminder=True
2026-09-30 19:02:32,423 [INFO] progress_guard.server: /v1/stage-check findings=0 reminder=False
2026-09-30 19:02:32,426 [INFO] progress_guard.server: /v1/stage-check findings=0 reminder=False
2026-09-30 19:02:32,430 [INFO] progress_guard.server: /v1/stage-check findings=0 reminder=False
2026-09-30 19:02:40,539 [INFO] progress_guard.server: /v1/stage-check findings=0 reminder=False
2026-09-30 19:02:40,542 [INFO] progress_guard.server: /v1/stage-check findings=0 reminder=False
2026-09-30 19:02:40,547 [INFO] progress_guard.server: /v1/stage-check findings=1 reminder=True
2026-09-30 19:02:45,893 [INFO] progress_guard.server: /v1/stage-check findings=1 reminder=True
2026-09-30 19:02:45,895 [INFO] progress_guard.server: /v1/stage-check findings=1 reminder=True
2026-09-30 19:02:53,381 [INFO] progress_guard.server: /v1/stage-check findings=1 reminder=True
2026-09-30 19:02:53,384 [INFO] progress_guard.server: /v1/stage-check findings=1 reminder=True
2026-09-30 19:02:53,811 [INFO] progress_guard.server: /v1/stage-check findings=1 reminder=True
2026-09-30 19:03:05,055 [INFO] progress_guard.server: /v1/stage-check findings=1 reminder=True
2026-09-30 19:03:05,056 [INFO] progress_guard.server: /check verdict=REQUIRE_MANIFEST is_closed=False skeleton=False
2026-09-30 19:03:05,061 [INFO] progress_guard.server: /v1/stage-check findings=1 reminder=True
2026-09-30 19:03:12,812 [INFO] progress_guard.server: /v1/stage-check findings=1 reminder=True
2026-09-30 19:03:17,030 [INFO] progress_guard.server: /check verdict=CLOSE is_closed=True skeleton=True
2026-09-30 19:03:17,032 [INFO] progress_guard.server: /v1/stage-check findings=1 reminder=True
2026-09-30 19:03:17,036 [INFO] progress_guard.server: /v1/stage-check findings=1 reminder=True
2026-09-30 19:03:26,963 [INFO] progress_guard.server: /v1/stage-check findings=0 reminder=False
2026-09-30 19:03:26,967 [INFO] progress_guard.server: /v1/stage-check findings=0 reminder=False
2026-09-30 19:03:27,017 [INFO] progress_guard.server: /v1/stage-check findings=0 reminder=False
2026-09-30 19:03:27,451 [INFO] progress_guard.server: /v1/stage-check findings=0 reminder=False
2026-09-30 19:03:38,228 [INFO] progress_guard.server: /v1/stage-check findings=0 reminder=False
2026-09-30 19:03:38,231 [INFO] progress_guard.server: /v1/stage-check findings=0 reminder=False
2026-09-30 19:03:38,236 [INFO] progress_guard.server: /v1/stage-check findings=0 reminder=False
2026-09-30 19:03:38,238 [INFO] progress_guard.server: /v1/stage-check findings=0 reminder=True
2026-09-30 19:05:33,813 [INFO] progress_guard.server: /v1/stage-check findings=0 reminder=False
2026-09-30 19:05:33,817 [INFO] progress_guard.server: /v1/stage-check findings=0 reminder=False
2026-09-30 19:05:33,876 [INFO] progress_guard.server: /v1/stage-check findings=0 reminder=False
2026-09-30 19:05:34,291 [INFO] progress_guard.server: /v1/stage-check findings=0 reminder=False
2026-09-30 19:05:39,387 [INFO] progress_guard.server: /v1/stage-check findings=0 reminder=False
2026-09-30 19:05:39,389 [INFO] progress_guard.server: /v1/stage-check findings=0 reminder=False
2026-09-30 19:05:39,394 [INFO] progress_guard.server: /v1/stage-check findings=0 reminder=False
2026-09-30 19:05:52,313 [INFO] progress_guard.server: /v1/stage-check findings=0 reminder=False
2026-09-30 19:05:52,315 [INFO] progress_guard.server: /v1/stage-check findings=0 reminder=False
2026-09-30 19:06:03,964 [INFO] progress_guard.server: /v1/stage-check findings=0 reminder=False
2026-09-30 19:06:03,967 [INFO] progress_guard.server: /v1/stage-check findings=0 reminder=False
2026-09-30 19:06:04,428 [INFO] progress_guard.server: /v1/stage-check findings=0 reminder=False
2026-09-30 19:06:10,692 [INFO] progress_guard.server: /v1/stage-check findings=0 reminder=False
2026-09-30 19:06:10,694 [INFO] progress_guard.server: /v1/stage-check findings=0 reminder=False
2026-09-30 19:06:10,701 [INFO] progress_guard.server: /v1/stage-check findings=0 reminder=False
2026-09-30 19:06:10,703 [INFO] progress_guard.server: /v1/stage-check findings=0 reminder=False
2026-09-30 19:06:17,600 [INFO] progress_guard.server: /v1/stage-check findings=0 reminder=False
2026-09-30 19:06:17,603 [INFO] progress_guard.server: /v1/stage-check findings=0 reminder=False
2026-09-30 19:06:18,089 [INFO] progress_guard.server: /v1/stage-check findings=0 reminder=True
2026-09-30 19:06:23,852 [INFO] progress_guard.server: /v1/stage-check findings=0 reminder=False
2026-09-30 19:06:23,854 [INFO] progress_guard.server: /v1/stage-check findings=0 reminder=False
2026-09-30 19:06:23,860 [INFO] progress_guard.server: /v1/stage-check findings=0 reminder=False
2026-09-30 19:06:30,361 [INFO] progress_guard.server: /v1/stage-check findings=0 reminder=False
2026-09-30 19:06:30,363 [INFO] progress_guard.server: /v1/stage-check findings=1 reminder=True
2026-09-30 20:36:23,399 [INFO] progress_guard.server: /v1/stage-check findings=0 reminder=False
2026-09-30 20:36:29,876 [INFO] progress_guard.server: /v1/stage-check findings=0 reminder=False
2026-09-30 20:36:36,360 [INFO] progress_guard.server: /v1/stage-check findings=0 reminder=False
2026-09-30 20:36:41,896 [INFO] progress_guard.server: /v1/stage-check findings=0 reminder=False
2026-09-30 20:36:48,637 [INFO] progress_guard.server: /v1/stage-check findings=0 reminder=False
2026-09-30 20:36:54,308 [INFO] progress_guard.server: /v1/stage-check findings=0 reminder=False
2026-09-30 20:36:59,868 [INFO] progress_guard.server: /v1/stage-check findings=0 reminder=False
2026-09-30 20:37:05,476 [INFO] progress_guard.server: /v1/stage-check findings=0 reminder=False
2026-09-30 20:37:11,096 [INFO] progress_guard.server: /v1/stage-check findings=0 reminder=False
2026-09-30 20:37:16,708 [INFO] progress_guard.server: /v1/stage-check findings=0 reminder=False
2026-09-30 20:37:24,863 [INFO] progress_guard.server: /v1/stage-check findings=0 reminder=False
2026-09-30 20:37:31,518 [INFO] progress_guard.server: /v1/stage-check findings=0 reminder=False
2026-09-30 20:37:37,091 [INFO] progress_guard.server: /v1/stage-check findings=0 reminder=False
2026-09-30 20:37:43,912 [INFO] progress_guard.server: /v1/stage-check findings=0 reminder=False
2026-09-30 20:37:49,531 [INFO] progress_guard.server: /v1/stage-check findings=0 reminder=False
2026-10-03 05:14:01,195 [INFO] progress_guard.server: /v1/stage-check findings=0 reminder=False
2026-10-03 05:14:01,808 [INFO] progress_guard.server: /v1/stage-check findings=0 reminder=False
2026-10-03 05:14:02,917 [INFO] progress_guard.server: /v1/stage-check findings=0 reminder=False
2026-10-03 05:14:02,922 [INFO] progress_guard.server: /v1/stage-check findings=0 reminder=False
2026-10-03 05:14:05,210 [INFO] progress_guard.server: /v1/stage-check findings=0 reminder=False
2026-10-03 05:14:05,219 [INFO] progress_guard.server: /v1/stage-check findings=0 reminder=False
2026-10-03 05:14:07,087 [INFO] progress_guard.server: /v1/stage-check findings=0 reminder=False
2026-10-03 05:14:07,094 [INFO] progress_guard.server: /v1/stage-check findings=0 reminder=False
2026-10-03 05:14:15,008 [INFO] progress_guard.server: /v1/stage-check findings=0 reminder=False
2026-10-03 05:14:15,538 [INFO] progress_guard.server: /v1/stage-check findings=0 reminder=False
2026-10-03 05:14:25,069 [INFO] progress_guard.server: /v1/stage-check findings=0 reminder=False
2026-10-03 05:14:25,072 [INFO] progress_guard.server: /check verdict=REQUIRE_MANIFEST is_closed=False skeleton=False
2026-10-03 05:14:27,386 [INFO] progress_guard.server: /v1/stage-check findings=0 reminder=False
2026-10-03 05:14:27,388 [INFO] progress_guard.server: /check verdict=CLOSE is_closed=True skeleton=True
2026-10-03 05:14:27,391 [INFO] progress_guard.server: /v1/stage-check findings=0 reminder=False
2026-10-03 05:15:38,252 [INFO] progress_guard.server: /v1/stage-check findings=0 reminder=False
2026-10-03 05:15:38,807 [INFO] progress_guard.server: /v1/stage-check findings=0 reminder=False
2026-10-03 05:15:40,885 [INFO] progress_guard.server: /v1/stage-check findings=0 reminder=False
2026-10-03 05:15:40,890 [INFO] progress_guard.server: /v1/stage-check findings=0 reminder=False
2026-10-03 05:15:43,075 [INFO] progress_guard.server: /v1/stage-check findings=0 reminder=False
2026-10-03 05:15:43,081 [INFO] progress_guard.server: /v1/stage-check findings=0 reminder=False
2026-10-03 05:15:44,563 [INFO] progress_guard.server: /v1/stage-check findings=0 reminder=False
2026-10-03 05:15:44,570 [INFO] progress_guard.server: /v1/stage-check findings=0 reminder=False
2026-10-03 05:15:50,733 [INFO] progress_guard.server: /v1/stage-check findings=0 reminder=False
2026-10-03 05:15:51,242 [INFO] progress_guard.server: /v1/stage-check findings=0 reminder=False
2026-10-03 05:15:54,322 [INFO] progress_guard.server: /v1/stage-check findings=0 reminder=False
2026-10-03 05:15:54,323 [INFO] progress_guard.server: /check verdict=REQUIRE_MANIFEST is_closed=False skeleton=False
2026-10-03 05:16:01,749 [INFO] progress_guard.server: /v1/stage-check findings=0 reminder=False
2026-10-03 05:16:01,750 [INFO] progress_guard.server: /check verdict=CLOSE is_closed=True skeleton=True
2026-10-03 05:16:01,753 [INFO] progress_guard.server: /v1/stage-check findings=0 reminder=False
2026-10-03 05:16:07,945 [INFO] progress_guard.server: /v1/stage-check findings=0 reminder=False
2026-10-03 05:16:08,470 [INFO] progress_guard.server: /v1/stage-check findings=0 reminder=False
2026-10-03 05:16:11,310 [INFO] progress_guard.server: /v1/stage-check findings=0 reminder=False
2026-10-03 05:16:11,315 [INFO] progress_guard.server: /v1/stage-check findings=0 reminder=False
2026-10-03 05:16:12,407 [INFO] progress_guard.server: /v1/stage-check findings=0 reminder=False
2026-10-03 05:16:12,412 [INFO] progress_guard.server: /v1/stage-check findings=0 reminder=False
2026-10-03 05:16:14,785 [INFO] progress_guard.server: /v1/stage-check findings=0 reminder=False
2026-10-03 05:16:14,791 [INFO] progress_guard.server: /v1/stage-check findings=0 reminder=False
2026-10-03 05:16:15,774 [INFO] progress_guard.server: /v1/stage-check findings=0 reminder=False
2026-10-03 05:16:16,216 [INFO] progress_guard.server: /v1/stage-check findings=0 reminder=False
2026-10-03 05:16:19,614 [INFO] progress_guard.server: /v1/stage-check findings=0 reminder=False
2026-10-03 05:16:19,615 [INFO] progress_guard.server: /check verdict=REQUIRE_MANIFEST is_closed=False skeleton=False
2026-10-03 05:16:25,372 [INFO] progress_guard.server: /v1/stage-check findings=0 reminder=False
2026-10-03 05:16:25,373 [INFO] progress_guard.server: /check verdict=CLOSE is_closed=True skeleton=True
2026-10-03 05:16:25,376 [INFO] progress_guard.server: /v1/stage-check findings=0 reminder=False
2026-10-03 05:16:31,692 [INFO] progress_guard.server: /v1/stage-check findings=0 reminder=False
2026-10-03 05:16:32,234 [INFO] progress_guard.server: /v1/stage-check findings=0 reminder=False
2026-10-03 05:16:33,465 [INFO] progress_guard.server: /v1/stage-check findings=0 reminder=False
2026-10-03 05:16:33,470 [INFO] progress_guard.server: /v1/stage-check findings=0 reminder=False
2026-10-03 05:16:34,432 [INFO] progress_guard.server: /v1/stage-check findings=0 reminder=False
2026-10-03 05:16:34,437 [INFO] progress_guard.server: /v1/stage-check findings=0 reminder=False
2026-10-03 05:16:35,837 [INFO] progress_guard.server: /v1/stage-check findings=0 reminder=False
2026-10-03 05:16:35,843 [INFO] progress_guard.server: /v1/stage-check findings=0 reminder=False
2026-10-03 05:16:40,928 [INFO] progress_guard.server: /v1/stage-check findings=0 reminder=False
2026-10-03 05:16:41,362 [INFO] progress_guard.server: /v1/stage-check findings=0 reminder=False
2026-10-03 05:16:42,820 [INFO] progress_guard.server: /v1/stage-check findings=0 reminder=False
2026-10-03 05:16:42,821 [INFO] progress_guard.server: /check verdict=REQUIRE_MANIFEST is_closed=False skeleton=False
2026-10-03 05:16:45,901 [INFO] progress_guard.server: /v1/stage-check findings=0 reminder=False
2026-10-03 05:16:45,902 [INFO] progress_guard.server: /check verdict=CLOSE is_closed=True skeleton=True
2026-10-03 05:16:45,905 [INFO] progress_guard.server: /v1/stage-check findings=0 reminder=False
2026-10-03 05:16:56,405 [INFO] progress_guard.server: /v1/stage-check findings=0 reminder=False
2026-10-03 05:16:56,993 [INFO] progress_guard.server: /v1/stage-check findings=0 reminder=False
2026-10-03 05:16:57,953 [INFO] progress_guard.server: /v1/stage-check findings=0 reminder=False
2026-10-03 05:16:57,958 [INFO] progress_guard.server: /v1/stage-check findings=0 reminder=False
2026-10-03 05:16:58,978 [INFO] progress_guard.server: /v1/stage-check findings=0 reminder=False
2026-10-03 05:16:58,983 [INFO] progress_guard.server: /v1/stage-check findings=0 reminder=False
2026-10-03 05:17:00,281 [INFO] progress_guard.server: /v1/stage-check findings=0 reminder=False
2026-10-03 05:17:00,287 [INFO] progress_guard.server: /v1/stage-check findings=0 reminder=False
2026-10-03 05:17:02,232 [INFO] progress_guard.server: /v1/stage-check findings=0 reminder=False
2026-10-03 05:17:02,695 [INFO] progress_guard.server: /v1/stage-check findings=0 reminder=False
2026-10-03 05:17:05,822 [INFO] progress_guard.server: /v1/stage-check findings=0 reminder=False
2026-10-03 05:17:05,823 [INFO] progress_guard.server: /check verdict=REQUIRE_MANIFEST is_closed=False skeleton=False
2026-10-03 05:17:11,046 [INFO] progress_guard.server: /v1/stage-check findings=0 reminder=False
2026-10-03 05:17:11,046 [INFO] progress_guard.server: /check verdict=CLOSE is_closed=True skeleton=True
2026-10-03 05:17:11,050 [INFO] progress_guard.server: /v1/stage-check findings=0 reminder=False
2026-10-03 05:17:16,422 [INFO] progress_guard.server: /v1/stage-check findings=0 reminder=False
2026-10-03 05:17:16,919 [INFO] progress_guard.server: /v1/stage-check findings=0 reminder=False
2026-10-03 05:17:24,766 [INFO] progress_guard.server: /v1/stage-check findings=0 reminder=False
2026-10-03 05:17:24,773 [INFO] progress_guard.server: /v1/stage-check findings=0 reminder=False
2026-10-03 05:17:30,097 [INFO] progress_guard.server: /v1/stage-check findings=0 reminder=False
2026-10-03 05:17:30,102 [INFO] progress_guard.server: /v1/stage-check findings=0 reminder=False
2026-10-03 05:17:31,318 [INFO] progress_guard.server: /v1/stage-check findings=0 reminder=False
2026-10-03 05:17:31,325 [INFO] progress_guard.server: /v1/stage-check findings=0 reminder=False
2026-10-03 05:17:32,544 [INFO] progress_guard.server: /v1/stage-check findings=0 reminder=False
2026-10-03 05:17:32,996 [INFO] progress_guard.server: /v1/stage-check findings=0 reminder=False
2026-10-03 05:17:34,745 [INFO] progress_guard.server: /v1/stage-check findings=0 reminder=False
2026-10-03 05:17:34,745 [INFO] progress_guard.server: /check verdict=REQUIRE_MANIFEST is_closed=False skeleton=False
2026-10-03 05:17:35,910 [INFO] progress_guard.server: /v1/stage-check findings=0 reminder=False
2026-10-03 05:17:35,910 [INFO] progress_guard.server: /check verdict=CLOSE is_closed=True skeleton=True
2026-10-03 05:17:35,914 [INFO] progress_guard.server: /v1/stage-check findings=0 reminder=False
2026-10-03 05:17:41,426 [INFO] progress_guard.server: /v1/stage-check findings=0 reminder=False
2026-10-03 05:17:41,931 [INFO] progress_guard.server: /v1/stage-check findings=0 reminder=False
2026-10-03 05:17:47,050 [INFO] progress_guard.server: /v1/stage-check findings=0 reminder=False
2026-10-03 05:17:47,057 [INFO] progress_guard.server: /v1/stage-check findings=0 reminder=False
2026-10-03 05:17:48,062 [INFO] progress_guard.server: /v1/stage-check findings=0 reminder=False
2026-10-03 05:17:48,066 [INFO] progress_guard.server: /v1/stage-check findings=0 reminder=False
2026-10-03 05:17:49,557 [INFO] progress_guard.server: /v1/stage-check findings=0 reminder=False
2026-10-03 05:17:49,564 [INFO] progress_guard.server: /v1/stage-check findings=0 reminder=False
2026-10-03 05:17:55,453 [INFO] progress_guard.server: /v1/stage-check findings=0 reminder=False
2026-10-03 05:17:55,911 [INFO] progress_guard.server: /v1/stage-check findings=0 reminder=False
2026-10-03 05:18:02,375 [INFO] progress_guard.server: /v1/stage-check findings=0 reminder=False
2026-10-03 05:18:02,376 [INFO] progress_guard.server: /check verdict=REQUIRE_MANIFEST is_closed=False skeleton=False
2026-10-03 05:18:04,773 [INFO] progress_guard.server: /v1/stage-check findings=0 reminder=False
2026-10-03 05:18:04,773 [INFO] progress_guard.server: /check verdict=CLOSE is_closed=True skeleton=True
2026-10-03 05:18:04,777 [INFO] progress_guard.server: /v1/stage-check findings=0 reminder=False
